/home/aetoropc/IdeaProjects/GestoreLibreriaPersonale/src/main/java/org/base/Main.java
/home/aetoropc/IdeaProjects/GestoreLibreriaPersonale/src/main/java/org/base/application/Kernel.java
/home/aetoropc/IdeaProjects/GestoreLibreriaPersonale/src/main/java/org/base/command/Command.java
/home/aetoropc/IdeaProjects/GestoreLibreriaPersonale/src/main/java/org/base/command/CommandAdd.java
/home/aetoropc/IdeaProjects/GestoreLibreriaPersonale/src/main/java/org/base/command/CommandDelete.java
/home/aetoropc/IdeaProjects/GestoreLibreriaPersonale/src/main/java/org/base/command/CommandFind.java
/home/aetoropc/IdeaProjects/GestoreLibreriaPersonale/src/main/java/org/base/command/CommandModify.java
/home/aetoropc/IdeaProjects/GestoreLibreriaPersonale/src/main/java/org/base/command/CommandRefresh.java
/home/aetoropc/IdeaProjects/GestoreLibreriaPersonale/src/main/java/org/base/command/CommandSave.java
/home/aetoropc/IdeaProjects/GestoreLibreriaPersonale/src/main/java/org/base/command/CommandSettings.java
/home/aetoropc/IdeaProjects/GestoreLibreriaPersonale/src/main/java/org/base/config/SingleConfig.java
/home/aetoropc/IdeaProjects/GestoreLibreriaPersonale/src/main/java/org/base/gui/DialogoConfig.java
/home/aetoropc/IdeaProjects/GestoreLibreriaPersonale/src/main/java/org/base/gui/DialogoLibro.java
/home/aetoropc/IdeaProjects/GestoreLibreriaPersonale/src/main/java/org/base/gui/LibriGUI.java
/home/aetoropc/IdeaProjects/GestoreLibreriaPersonale/src/main/java/org/base/gui/MultiSelectDropdown.java
/home/aetoropc/IdeaProjects/GestoreLibreriaPersonale/src/main/java/org/base/gui/SingleSelectDropdown.java
/home/aetoropc/IdeaProjects/GestoreLibreriaPersonale/src/main/java/org/base/manipolatore/FiltroGenere.java
/home/aetoropc/IdeaProjects/GestoreLibreriaPersonale/src/main/java/org/base/manipolatore/FiltroStato.java
/home/aetoropc/IdeaProjects/GestoreLibreriaPersonale/src/main/java/org/base/manipolatore/ManipolatoreAbs.java
/home/aetoropc/IdeaProjects/GestoreLibreriaPersonale/src/main/java/org/base/manipolatore/ManipolatoreIF.java
/home/aetoropc/IdeaProjects/GestoreLibreriaPersonale/src/main/java/org/base/manipolatore/Ordina.java
/home/aetoropc/IdeaProjects/GestoreLibreriaPersonale/src/main/java/org/base/manipolatore/RicercaAutore.java
/home/aetoropc/IdeaProjects/GestoreLibreriaPersonale/src/main/java/org/base/manipolatore/RicercaTitolo.java
/home/aetoropc/IdeaProjects/GestoreLibreriaPersonale/src/main/java/org/base/persist/FileManager.java
/home/aetoropc/IdeaProjects/GestoreLibreriaPersonale/src/main/java/org/base/persist/Persist.java
/home/aetoropc/IdeaProjects/GestoreLibreriaPersonale/src/main/java/org/base/persist/PersistCSV.java
/home/aetoropc/IdeaProjects/GestoreLibreriaPersonale/src/main/java/org/base/persist/PersistJSON.java
/home/aetoropc/IdeaProjects/GestoreLibreriaPersonale/src/main/java/org/base/strutturebase/Libro.java
/home/aetoropc/IdeaProjects/GestoreLibreriaPersonale/src/main/java/org/base/strutturebase/comparator/ComparatorDummy.java
/home/aetoropc/IdeaProjects/GestoreLibreriaPersonale/src/main/java/org/base/strutturebase/comparator/ComparatorTitolo.java
/home/aetoropc/IdeaProjects/GestoreLibreriaPersonale/src/main/java/org/base/strutturebase/eccezioni/OrderNotFoundException.java
/home/aetoropc/IdeaProjects/GestoreLibreriaPersonale/src/main/java/org/base/strutturebase/utility/Genere.java
/home/aetoropc/IdeaProjects/GestoreLibreriaPersonale/src/main/java/org/base/strutturebase/utility/StatoLettura.java
/home/aetoropc/IdeaProjects/GestoreLibreriaPersonale/src/main/java/org/base/strutturebase/utility/Validatore.java
/home/aetoropc/IdeaProjects/GestoreLibreriaPersonale/src/main/java/org/base/strutturebase/utility/Valutazione.java
